# serializer version: 1
# name: test_bullet_journal_is_cover_then_bujo_hubs
  list([
    tuple(
      'cover',
      'cover',
    ),
    tuple(
      'bujo_key',
      'bujo-key-2026',
    ),
    tuple(
      'bujo_index',
      'bujo-index-2026-01',
    ),
    tuple(
      'future_log',
      'bujo-future-2026-01',
    ),
    tuple(
      'monthly_log',
      'month-2026-01',
    ),
    tuple(
      'monthly_tasks',
      'month-2026-01-tasks',
    ),
    tuple(
      'habits',
      'month-2026-01-habits',
    ),
    tuple(
      'rapid_log',
      '2026-01-01',
    ),
    tuple(
      'rapid_log',
      '2026-01-02',
    ),
    tuple(
      'rapid_log',
      '2026-01-03',
    ),
    tuple(
      'rapid_log',
      '2026-01-04',
    ),
    tuple(
      'rapid_log',
      '2026-01-05',
    ),
    tuple(
      'rapid_log',
      '2026-01-06',
    ),
    tuple(
      'rapid_log',
      '2026-01-07',
    ),
    tuple(
      'rapid_log',
      '2026-01-08',
    ),
    tuple(
      'rapid_log',
      '2026-01-09',
    ),
    tuple(
      'rapid_log',
      '2026-01-10',
    ),
    tuple(
      'rapid_log',
      '2026-01-11',
    ),
    tuple(
      'rapid_log',
      '2026-01-12',
    ),
    tuple(
      'rapid_log',
      '2026-01-13',
    ),
    tuple(
      'rapid_log',
      '2026-01-14',
    ),
    tuple(
      'rapid_log',
      '2026-01-15',
    ),
    tuple(
      'rapid_log',
      '2026-01-16',
    ),
    tuple(
      'rapid_log',
      '2026-01-17',
    ),
    tuple(
      'rapid_log',
      '2026-01-18',
    ),
    tuple(
      'rapid_log',
      '2026-01-19',
    ),
    tuple(
      'rapid_log',
      '2026-01-20',
    ),
    tuple(
      'rapid_log',
      '2026-01-21',
    ),
    tuple(
      'rapid_log',
      '2026-01-22',
    ),
    tuple(
      'rapid_log',
      '2026-01-23',
    ),
    tuple(
      'rapid_log',
      '2026-01-24',
    ),
    tuple(
      'rapid_log',
      '2026-01-25',
    ),
    tuple(
      'rapid_log',
      '2026-01-26',
    ),
    tuple(
      'rapid_log',
      '2026-01-27',
    ),
    tuple(
      'rapid_log',
      '2026-01-28',
    ),
    tuple(
      'rapid_log',
      '2026-01-29',
    ),
    tuple(
      'rapid_log',
      '2026-01-30',
    ),
    tuple(
      'rapid_log',
      '2026-01-31',
    ),
    tuple(
      'collection',
      'bujo-col-2026-01',
    ),
    tuple(
      'collection',
      'bujo-col-2026-02',
    ),
  ])
# ---
# name: test_january_outline_run_and_each
  list([
    tuple(
      'Key',
      'bujo-key-2026',
    ),
    tuple(
      'Index',
      'bujo-index-2026-01',
    ),
    tuple(
      'Future log',
      'bujo-future-2026-01',
    ),
    tuple(
      'January 2026',
      'month-2026-01',
    ),
    tuple(
      'Collections',
      'bujo-col-2026-01',
    ),
  ])
# ---
