# serializer version: 1
# name: test_review_section_order_index_then_weeks
  list([
    'review-index-2026',
    'review-2026-W01',
    'review-2026-W02',
    'review-2026-W03',
    'review-2026-W04',
    'review-2026-W05',
    'review-2026-W06',
    'review-2026-W07',
    'review-2026-W08',
    'review-2026-W09',
    'review-2026-W10',
    'review-2026-W11',
    'review-2026-W12',
    'review-2026-W13',
    'review-2026-W14',
    'review-2026-W15',
    'review-2026-W16',
    'review-2026-W17',
    'review-2026-W18',
    'review-2026-W19',
    'review-2026-W20',
    'review-2026-W21',
    'review-2026-W22',
    'review-2026-W23',
    'review-2026-W24',
    'review-2026-W25',
    'review-2026-W26',
    'review-2026-W27',
    'review-2026-W28',
    'review-2026-W29',
    'review-2026-W30',
    'review-2026-W31',
    'review-2026-W32',
    'review-2026-W33',
    'review-2026-W34',
    'review-2026-W35',
    'review-2026-W36',
    'review-2026-W37',
    'review-2026-W38',
    'review-2026-W39',
    'review-2026-W40',
    'review-2026-W41',
    'review-2026-W42',
    'review-2026-W43',
    'review-2026-W44',
    'review-2026-W45',
    'review-2026-W46',
    'review-2026-W47',
    'review-2026-W48',
    'review-2026-W49',
    'review-2026-W50',
    'review-2026-W51',
    'review-2026-W52',
    'review-2026-W53',
  ])
# ---
