# serializer version: 1
# name: test_projects_notebook_is_cover_then_projects
  list([
    tuple(
      'cover',
      'cover',
    ),
    tuple(
      'projects_index',
      'projects-index-2026-01',
    ),
    tuple(
      'project',
      'projects-2026-01',
    ),
    tuple(
      'project',
      'projects-2026-02',
    ),
    tuple(
      'project',
      'projects-2026-03',
    ),
    tuple(
      'project',
      'projects-2026-04',
    ),
    tuple(
      'project',
      'projects-2026-05',
    ),
    tuple(
      'project',
      'projects-2026-06',
    ),
    tuple(
      'project',
      'projects-2026-07',
    ),
    tuple(
      'project',
      'projects-2026-08',
    ),
  ])
# ---
